// Jest Snapshot v1, https://goo.gl/fbAQLP

exports[`createMagicId should create new user entity it doesn't exist 1`] = `
"{
  \\"rooms\\": [],
  \\"users\\": [
    {
      \\"userId\\": \\"xxxxxxxxxx\\",
      \\"email\\": \\"farglowparty@gmail.com\\"
    }
  ],
  \\"sessions\\": [],
  \\"wishes\\": [],
  \\"authRequests\\": [
    {
      \\"token\\": \\"xxxxxxxxxxxxxxxx\\",
      \\"email\\": \\"farglowparty@gmail.com\\"
    }
  ]
}"
`;
